Waiting for worker nodes to join the cluster...
Waiting... (0/1 nodes ready)
Waiting... (0/1 nodes ready)
Waiting... (0/1 nodes ready)
Waiting... (1/1 nodes ready)
Waiting... (1/1 nodes ready)
Waiting... (1/1 nodes ready)
Waiting... (1/1 nodes ready)
Waiting... (1/1 nodes ready)
Waiting... (1/1 nodes ready)
Waiting... (1/1 nodes ready)
Waiting... (1/1 nodes ready)
Waiting... (1/1 nodes ready)
Waiting... (1/1 nodes ready)
Waiting... (1/1 nodes ready)
Waiting... (1/1 nodes ready)
Waiting... (1/1 nodes ready)
Waiting... (1/1 nodes ready)
Waiting... (1/1 nodes ready)
Waiting... (1/1 nodes ready)
Waiting... (1/1 nodes ready)
Waiting... (1/1 nodes ready)
Waiting... (1/1 nodes ready)
Waiting... (1/1 nodes ready)
Waiting... (1/1 nodes ready)
Waiting... (1/1 nodes ready)
Waiting... (1/1 nodes ready)
Waiting... (1/1 nodes ready)
Waiting... (1/1 nodes ready)
Waiting... (1/1 nodes ready)
Waiting... (1/1 nodes ready)
Waiting... (1/1 nodes ready)
Waiting... (1/1 nodes ready)
Waiting... (1/1 nodes ready)
Waiting... (1/1 nodes ready)
Waiting... (1/1 nodes ready)
Waiting... (1/1 nodes ready)
Waiting... (1/1 nodes ready)
Waiting... (1/1 nodes ready)
Waiting... (1/1 nodes ready)
Waiting... (1/1 nodes ready)
Waiting... (1/1 nodes ready)
Waiting... (1/1 nodes ready)
Waiting... (1/1 nodes ready)
Waiting... (1/1 nodes ready)
Waiting... (1/1 nodes ready)
Waiting... (1/1 nodes ready)
Waiting... (1/1 nodes ready)
Waiting... (1/1 nodes ready)
Waiting... (1/1 nodes ready)
Waiting... (1/2 nodes ready)
Waiting... (1/2 nodes ready)
Waiting... (1/2 nodes ready)
Waiting... (1/2 nodes ready)
Waiting... (2/2 nodes ready)
Waiting... (2/2 nodes ready)
Waiting... (2/2 nodes ready)
Waiting... (2/2 nodes ready)
Waiting... (2/2 nodes ready)
Waiting... (2/3 nodes ready)
Waiting... (2/3 nodes ready)
Waiting... (2/3 nodes ready)
Waiting... (3/3 nodes ready)
Waiting... (3/3 nodes ready)
Waiting... (3/3 nodes ready)
Waiting... (3/3 nodes ready)
Waiting... (3/3 nodes ready)
Waiting... (3/4 nodes ready)
Waiting... (3/4 nodes ready)
Waiting... (3/4 nodes ready)
Waiting... (3/4 nodes ready)
Waiting... (3/4 nodes ready)
Waiting... (3/4 nodes ready)
All 4/4 nodes are ready. Labeling worker nodes...
node/k8s-frontend not labeled
node/k8s-backend not labeled
node/k8s-database not labeled
✅ Node labeling complete!
