[post-setup] Starting ingress finalization...
[post-setup] waiting for nodes Ready... (1/1)
[post-setup] waiting for nodes Ready... (1/1)
[post-setup] waiting for nodes Ready... (1/1)
[post-setup] waiting for nodes Ready... (1/1)
[post-setup] waiting for nodes Ready... (1/1)
[post-setup] waiting for nodes Ready... (1/1)
[post-setup] waiting for nodes Ready... (1/1)
[post-setup] waiting for nodes Ready... (1/1)
[post-setup] waiting for nodes Ready... (1/2)
[post-setup] waiting for nodes Ready... (1/2)
[post-setup] waiting for nodes Ready... (1/2)
[post-setup] waiting for nodes Ready... (1/2)
[post-setup] waiting for nodes Ready... (2/2)
[post-setup] waiting for nodes Ready... (2/2)
[post-setup] waiting for nodes Ready... (2/2)
[post-setup] waiting for nodes Ready... (2/2)
[post-setup] waiting for nodes Ready... (2/2)
[post-setup] waiting for nodes Ready... (2/3)
[post-setup] waiting for nodes Ready... (2/3)
[post-setup] waiting for nodes Ready... (2/3)
[post-setup] waiting for nodes Ready... (3/3)
[post-setup] waiting for nodes Ready... (3/3)
[post-setup] waiting for nodes Ready... (3/3)
[post-setup] waiting for nodes Ready... (3/3)
[post-setup] waiting for nodes Ready... (3/3)
[post-setup] waiting for nodes Ready... (3/4)
[post-setup] waiting for nodes Ready... (3/4)
[post-setup] waiting for nodes Ready... (3/4)
[post-setup] waiting for nodes Ready... (3/4)
[post-setup] waiting for nodes Ready... (3/4)
[post-setup] waiting for nodes Ready... (3/4)
[post-setup] All 4/4 nodes Ready. Applying labels...
node/k8s-frontend labeled
node/k8s-backend labeled
node/k8s-database labeled
deployment.apps/ingress-nginx-controller condition met
job.batch/ingress-nginx-admission-create condition met
job.batch/ingress-nginx-admission-patch condition met
[post-setup] ingress admission endpoints ready
ingress.networking.k8s.io/frontend-ing created
ingress.networking.k8s.io/backend-ing created
ingress.networking.k8s.io/public-ing created
[post-setup] Ingress routes applied.
NAMESPACE   NAME           CLASS   HOSTS                           ADDRESS   PORTS   AGE
backend     backend-ing    nginx   backend.192.168.57.11.nip.io              80      0s
default     public-ing     nginx   public.192.168.57.11.nip.io               80      0s
frontend    frontend-ing   nginx   frontend.192.168.57.11.nip.io             80      0s
[post-setup] waiting for frontend endpoints... (1/120)
[post-setup] waiting for frontend endpoints... (2/120)
[post-setup] waiting for frontend endpoints... (3/120)
[post-setup] frontend endpoints ready
[post-setup] waiting for backend endpoints... (1/120)
[post-setup] waiting for backend endpoints... (2/120)
[post-setup] waiting for backend endpoints... (3/120)
[post-setup] waiting for backend endpoints... (4/120)
[post-setup] waiting for backend endpoints... (5/120)
[post-setup] waiting for backend endpoints... (6/120)
[post-setup] waiting for backend endpoints... (7/120)
[post-setup] waiting for backend endpoints... (8/120)
[post-setup] waiting for backend endpoints... (9/120)
[post-setup] waiting for backend endpoints... (10/120)
[post-setup] waiting for backend endpoints... (11/120)
[post-setup] waiting for backend endpoints... (12/120)
[post-setup] waiting for backend endpoints... (13/120)
[post-setup] backend endpoints ready
[post-setup] public endpoints ready
